<?xml version="1.0" encoding="UTF-8"?>
<testng-results ignored="0" total="12" passed="12" failed="0" skipped="0">
  <reporter-output>
  </reporter-output>
  <suite started-at="2023-03-08T00:10:27 IST" name="Tests for Qtrip Regression" finished-at="2023-03-08T00:17:10 IST" duration-ms="402788">
    <groups>
    </groups>
    <test started-at="2023-03-08T00:10:27 IST" name="Testcase_0" finished-at="2023-03-08T00:17:10 IST" duration-ms="402788">
      <class name="qtriptest.tests.testCase_01">
        <test-method is-config="true" signature="setUp()[pri:0, instance:qtriptest.tests.testCase_01@68c9133c]" started-at="2023-03-08T00:10:27 IST" name="setUp" finished-at="2023-03-08T00:10:30 IST" duration-ms="3132" status="PASS">
          <reporter-output>
          </reporter-output>
        </test-method> <!-- setUp -->
        <test-method signature="TestCase01(java.lang.String,java.lang.String,java.lang.String)[pri:1, instance:qtriptest.tests.testCase_01@68c9133c]" started-at="2023-03-08T00:10:33 IST" name="TestCase01" description="testCase_01" data-provider="userData" finished-at="2023-03-08T00:10:48 IST" duration-ms="15152" status="PASS">
          <params>
            <param index="0">
              <value>
                <![CDATA[1]]>
              </value>
            </param>
            <param index="1">
              <value>
                <![CDATA[testuser@gmail.com]]>
              </value>
            </param>
            <param index="2">
              <value>
                <![CDATA[abc@123]]>
              </value>
            </param>
          </params>
          <reporter-output>
          </reporter-output>
        </test-method> <!-- TestCase01 -->
        <test-method signature="TestCase01(java.lang.String,java.lang.String,java.lang.String)[pri:1, instance:qtriptest.tests.testCase_01@68c9133c]" started-at="2023-03-08T00:10:48 IST" name="TestCase01" description="testCase_01" data-provider="userData" finished-at="2023-03-08T00:11:04 IST" duration-ms="15265" status="PASS">
          <params>
            <param index="0">
              <value>
                <![CDATA[2]]>
              </value>
            </param>
            <param index="1">
              <value>
                <![CDATA[TESTUSER@gmail.com]]>
              </value>
            </param>
            <param index="2">
              <value>
                <![CDATA[123456]]>
              </value>
            </param>
          </params>
          <reporter-output>
          </reporter-output>
        </test-method> <!-- TestCase01 -->
        <test-method signature="TestCase01(java.lang.String,java.lang.String,java.lang.String)[pri:1, instance:qtriptest.tests.testCase_01@68c9133c]" started-at="2023-03-08T00:11:04 IST" name="TestCase01" description="testCase_01" data-provider="userData" finished-at="2023-03-08T00:11:19 IST" duration-ms="15185" status="PASS">
          <params>
            <param index="0">
              <value>
                <![CDATA[3]]>
              </value>
            </param>
            <param index="1">
              <value>
                <![CDATA[123_USER_low@gmail.com]]>
              </value>
            </param>
            <param index="2">
              <value>
                <![CDATA[QWERTY!!!!]]>
              </value>
            </param>
          </params>
          <reporter-output>
          </reporter-output>
        </test-method> <!-- TestCase01 -->
        <test-method is-config="true" signature="tearDown()[pri:0, instance:qtriptest.tests.testCase_01@68c9133c]" started-at="2023-03-08T00:17:10 IST" name="tearDown" finished-at="2023-03-08T00:17:10 IST" duration-ms="64" status="PASS">
          <reporter-output>
          </reporter-output>
        </test-method> <!-- tearDown -->
      </class> <!-- qtriptest.tests.testCase_01 -->
      <class name="qtriptest.tests.testCase_04">
        <test-method is-config="true" signature="setUp()[pri:0, instance:qtriptest.tests.testCase_04@33bc72d1]" started-at="2023-03-08T00:10:30 IST" name="setUp" finished-at="2023-03-08T00:10:31 IST" duration-ms="142" status="PASS">
          <reporter-output>
          </reporter-output>
        </test-method> <!-- setUp -->
        <test-method signature="TestCase04(java.lang.String,java.lang.String,java.lang.String,java.lang.String,java.lang.String,java.lang.String)[pri:4, instance:qtriptest.tests.testCase_04@33bc72d1]" started-at="2023-03-08T00:14:11 IST" name="TestCase04" description="testCase_04" data-provider="userData" finished-at="2023-03-08T00:15:11 IST" duration-ms="59754" status="PASS">
          <params>
            <param index="0">
              <value>
                <![CDATA[1]]>
              </value>
            </param>
            <param index="1">
              <value>
                <![CDATA[TC4_1@gmail.com]]>
              </value>
            </param>
            <param index="2">
              <value>
                <![CDATA[abc@123]]>
              </value>
            </param>
            <param index="3">
              <value>
                <![CDATA[Bengaluru;Niaboytown;Chicky;01-01-2025;2]]>
              </value>
            </param>
            <param index="4">
              <value>
                <![CDATA[Kolkata;Thton;Cha Cha;01-02-2025;3]]>
              </value>
            </param>
            <param index="5">
              <value>
                <![CDATA[Malaysia;Wootkentree;Bom Bom;02-12-2025;1]]>
              </value>
            </param>
          </params>
          <reporter-output>
          </reporter-output>
        </test-method> <!-- TestCase04 -->
        <test-method signature="TestCase04(java.lang.String,java.lang.String,java.lang.String,java.lang.String,java.lang.String,java.lang.String)[pri:4, instance:qtriptest.tests.testCase_04@33bc72d1]" started-at="2023-03-08T00:15:11 IST" name="TestCase04" description="testCase_04" data-provider="userData" finished-at="2023-03-08T00:16:11 IST" duration-ms="59634" status="PASS">
          <params>
            <param index="0">
              <value>
                <![CDATA[2]]>
              </value>
            </param>
            <param index="1">
              <value>
                <![CDATA[TC4_2@gmail.com]]>
              </value>
            </param>
            <param index="2">
              <value>
                <![CDATA[abc@321]]>
              </value>
            </param>
            <param index="3">
              <value>
                <![CDATA[Bengaluru;Fort Sionnnn;Chicky;01-01-2025;2]]>
              </value>
            </param>
            <param index="4">
              <value>
                <![CDATA[Kolkata;North Gelgoon;Cha Cha;01-02-2025;3]]>
              </value>
            </param>
            <param index="5">
              <value>
                <![CDATA[Malaysia;Wootkentree;Lya;02-12-2025;1]]>
              </value>
            </param>
          </params>
          <reporter-output>
          </reporter-output>
        </test-method> <!-- TestCase04 -->
        <test-method signature="TestCase04(java.lang.String,java.lang.String,java.lang.String,java.lang.String,java.lang.String,java.lang.String)[pri:4, instance:qtriptest.tests.testCase_04@33bc72d1]" started-at="2023-03-08T00:16:11 IST" name="TestCase04" description="testCase_04" data-provider="userData" finished-at="2023-03-08T00:17:10 IST" duration-ms="59221" status="PASS">
          <params>
            <param index="0">
              <value>
                <![CDATA[3]]>
              </value>
            </param>
            <param index="1">
              <value>
                <![CDATA[TC4_3@gmail.com]]>
              </value>
            </param>
            <param index="2">
              <value>
                <![CDATA[abc@321]]>
              </value>
            </param>
            <param index="3">
              <value>
                <![CDATA[Goa;Perthby;Chicky;01-01-2025;2]]>
              </value>
            </param>
            <param index="4">
              <value>
                <![CDATA[Bengaluru;Niaboytown;Chicky;01-01-2025;2]]>
              </value>
            </param>
            <param index="5">
              <value>
                <![CDATA[Bengaluru;Fort Sionnnn;Chicky;01-01-2025;2]]>
              </value>
            </param>
          </params>
          <reporter-output>
          </reporter-output>
        </test-method> <!-- TestCase04 -->
        <test-method is-config="true" signature="tearDown()[pri:0, instance:qtriptest.tests.testCase_04@33bc72d1]" started-at="2023-03-08T00:17:10 IST" name="tearDown" finished-at="2023-03-08T00:17:10 IST" duration-ms="2" status="PASS">
          <reporter-output>
          </reporter-output>
        </test-method> <!-- tearDown -->
      </class> <!-- qtriptest.tests.testCase_04 -->
      <class name="qtriptest.tests.testCase_03">
        <test-method is-config="true" signature="setUp()[pri:0, instance:qtriptest.tests.testCase_03@273444fe]" started-at="2023-03-08T00:10:30 IST" name="setUp" finished-at="2023-03-08T00:10:30 IST" duration-ms="31" status="PASS">
          <reporter-output>
          </reporter-output>
        </test-method> <!-- setUp -->
        <test-method signature="TestCase03(java.lang.String,java.lang.String,java.lang.String,java.lang.String,java.lang.String,java.lang.String,java.lang.String,java.lang.String)[pri:3, instance:qtriptest.tests.testCase_03@273444fe]" started-at="2023-03-08T00:12:15 IST" name="TestCase03" description="testCase_03" data-provider="userData" finished-at="2023-03-08T00:12:54 IST" duration-ms="38745" status="PASS">
          <params>
            <param index="0">
              <value>
                <![CDATA[1]]>
              </value>
            </param>
            <param index="1">
              <value>
                <![CDATA[TC3_1@gmaill.com]]>
              </value>
            </param>
            <param index="2">
              <value>
                <![CDATA[abc@123]]>
              </value>
            </param>
            <param index="3">
              <value>
                <![CDATA[Bengaluru]]>
              </value>
            </param>
            <param index="4">
              <value>
                <![CDATA[Niaboytown]]>
              </value>
            </param>
            <param index="5">
              <value>
                <![CDATA[palam]]>
              </value>
            </param>
            <param index="6">
              <value>
                <![CDATA[16/11/2025]]>
              </value>
            </param>
            <param index="7">
              <value>
                <![CDATA[2]]>
              </value>
            </param>
          </params>
          <reporter-output>
          </reporter-output>
        </test-method> <!-- TestCase03 -->
        <test-method signature="TestCase03(java.lang.String,java.lang.String,java.lang.String,java.lang.String,java.lang.String,java.lang.String,java.lang.String,java.lang.String)[pri:3, instance:qtriptest.tests.testCase_03@273444fe]" started-at="2023-03-08T00:12:54 IST" name="TestCase03" description="testCase_03" data-provider="userData" finished-at="2023-03-08T00:13:33 IST" duration-ms="38628" status="PASS">
          <params>
            <param index="0">
              <value>
                <![CDATA[2]]>
              </value>
            </param>
            <param index="1">
              <value>
                <![CDATA[TC3_2@gmail.com]]>
              </value>
            </param>
            <param index="2">
              <value>
                <![CDATA[abc@123]]>
              </value>
            </param>
            <param index="3">
              <value>
                <![CDATA[Singapore]]>
              </value>
            </param>
            <param index="4">
              <value>
                <![CDATA[Grand Ashland]]>
              </value>
            </param>
            <param index="5">
              <value>
                <![CDATA[biden]]>
              </value>
            </param>
            <param index="6">
              <value>
                <![CDATA[26/11/2025]]>
              </value>
            </param>
            <param index="7">
              <value>
                <![CDATA[4]]>
              </value>
            </param>
          </params>
          <reporter-output>
          </reporter-output>
        </test-method> <!-- TestCase03 -->
        <test-method signature="TestCase03(java.lang.String,java.lang.String,java.lang.String,java.lang.String,java.lang.String,java.lang.String,java.lang.String,java.lang.String)[pri:3, instance:qtriptest.tests.testCase_03@273444fe]" started-at="2023-03-08T00:13:33 IST" name="TestCase03" description="testCase_03" data-provider="userData" finished-at="2023-03-08T00:14:11 IST" duration-ms="38688" status="PASS">
          <params>
            <param index="0">
              <value>
                <![CDATA[3]]>
              </value>
            </param>
            <param index="1">
              <value>
                <![CDATA[TC3_3@gmail.com]]>
              </value>
            </param>
            <param index="2">
              <value>
                <![CDATA[abc@123]]>
              </value>
            </param>
            <param index="3">
              <value>
                <![CDATA[Bangkok]]>
              </value>
            </param>
            <param index="4">
              <value>
                <![CDATA[Tifwales Ferry]]>
              </value>
            </param>
            <param index="5">
              <value>
                <![CDATA[prabhu]]>
              </value>
            </param>
            <param index="6">
              <value>
                <![CDATA[26/12/2025]]>
              </value>
            </param>
            <param index="7">
              <value>
                <![CDATA[1]]>
              </value>
            </param>
          </params>
          <reporter-output>
          </reporter-output>
        </test-method> <!-- TestCase03 -->
        <test-method is-config="true" signature="tearDown()[pri:0, instance:qtriptest.tests.testCase_03@273444fe]" started-at="2023-03-08T00:17:10 IST" name="tearDown" finished-at="2023-03-08T00:17:10 IST" duration-ms="1" status="PASS">
          <reporter-output>
          </reporter-output>
        </test-method> <!-- tearDown -->
      </class> <!-- qtriptest.tests.testCase_03 -->
      <class name="qtriptest.tests.testCase_02">
        <test-method is-config="true" signature="setUp()[pri:0, instance:qtriptest.tests.testCase_02@16eb3ea3]" started-at="2023-03-08T00:10:30 IST" name="setUp" finished-at="2023-03-08T00:10:30 IST" duration-ms="60" status="PASS">
          <reporter-output>
          </reporter-output>
        </test-method> <!-- setUp -->
        <test-method signature="TestCase02(java.lang.String,java.lang.String,java.lang.String,java.lang.String,java.lang.String,java.lang.String)[pri:2, instance:qtriptest.tests.testCase_02@16eb3ea3]" started-at="2023-03-08T00:11:19 IST" name="TestCase02" description="testCase_02" data-provider="userData" finished-at="2023-03-08T00:11:38 IST" duration-ms="18857" status="PASS">
          <params>
            <param index="0">
              <value>
                <![CDATA[1]]>
              </value>
            </param>
            <param index="1">
              <value>
                <![CDATA[Bengaluru]]>
              </value>
            </param>
            <param index="2">
              <value>
                <![CDATA[Cycling Routes]]>
              </value>
            </param>
            <param index="3">
              <value>
                <![CDATA[6-12 Hours]]>
              </value>
            </param>
            <param index="4">
              <value>
                <![CDATA[1]]>
              </value>
            </param>
            <param index="5">
              <value>
                <![CDATA[9]]>
              </value>
            </param>
          </params>
          <reporter-output>
          </reporter-output>
        </test-method> <!-- TestCase02 -->
        <test-method signature="TestCase02(java.lang.String,java.lang.String,java.lang.String,java.lang.String,java.lang.String,java.lang.String)[pri:2, instance:qtriptest.tests.testCase_02@16eb3ea3]" started-at="2023-03-08T00:11:38 IST" name="TestCase02" description="testCase_02" data-provider="userData" finished-at="2023-03-08T00:11:57 IST" duration-ms="18565" status="PASS">
          <params>
            <param index="0">
              <value>
                <![CDATA[2]]>
              </value>
            </param>
            <param index="1">
              <value>
                <![CDATA[Singapore]]>
              </value>
            </param>
            <param index="2">
              <value>
                <![CDATA[Hillside Getaways]]>
              </value>
            </param>
            <param index="3">
              <value>
                <![CDATA[6-12 Hours]]>
              </value>
            </param>
            <param index="4">
              <value>
                <![CDATA[1]]>
              </value>
            </param>
            <param index="5">
              <value>
                <![CDATA[8]]>
              </value>
            </param>
          </params>
          <reporter-output>
          </reporter-output>
        </test-method> <!-- TestCase02 -->
        <test-method signature="TestCase02(java.lang.String,java.lang.String,java.lang.String,java.lang.String,java.lang.String,java.lang.String)[pri:2, instance:qtriptest.tests.testCase_02@16eb3ea3]" started-at="2023-03-08T00:11:57 IST" name="TestCase02" description="testCase_02" data-provider="userData" finished-at="2023-03-08T00:12:15 IST" duration-ms="18511" status="PASS">
          <params>
            <param index="0">
              <value>
                <![CDATA[3]]>
              </value>
            </param>
            <param index="1">
              <value>
                <![CDATA[Goa]]>
              </value>
            </param>
            <param index="2">
              <value>
                <![CDATA[Party Spots]]>
              </value>
            </param>
            <param index="3">
              <value>
                <![CDATA[2-6 Hours]]>
              </value>
            </param>
            <param index="4">
              <value>
                <![CDATA[1]]>
              </value>
            </param>
            <param index="5">
              <value>
                <![CDATA[11]]>
              </value>
            </param>
          </params>
          <reporter-output>
          </reporter-output>
        </test-method> <!-- TestCase02 -->
        <test-method is-config="true" signature="tearDown()[pri:0, instance:qtriptest.tests.testCase_02@16eb3ea3]" started-at="2023-03-08T00:17:10 IST" name="tearDown" finished-at="2023-03-08T00:17:10 IST" duration-ms="1" status="PASS">
          <reporter-output>
          </reporter-output>
        </test-method> <!-- tearDown -->
      </class> <!-- qtriptest.tests.testCase_02 -->
    </test> <!-- Testcase_0 -->
  </suite> <!-- Tests for Qtrip Regression -->
</testng-results>
